"name"="ShadowBlocks"
"size"="800","600"
time=100
recordings=1
"tile"("Block","0","0")
"tile"("Block","0","50")
"tile"("Block","0","100")
"tile"("Block","0","150")
"tile"("Block","0","200")
"tile"("Block","0","250")
"tile"("Block","50","250")
"tile"("Block","100","250")
"tile"("Block","150","250")
"tile"("ShadowBlock","100","100")
"tile"("ShadowBlock","150","100")
"tile"("ShadowBlock","200","100")
"tile"("ShadowBlock","250","50")
"tile"("ShadowBlock","300","100")
"tile"("ShadowBlock","350","100")
"tile"("ShadowBlock","400","100")
"tile"("Block","200","250")
"tile"("Block","250","250")
"tile"("Block","300","250")
"tile"("Block","350","250")
"tile"("Block","400","250")
"tile"("Block","450","250")
"tile"("Block","500","250")
"tile"("Block","500","200")
"tile"("Block","500","100")
"tile"("Block","500","150")
"tile"("Block","500","50")
"tile"("Block","500","0")
"tile"("ShadowBlock","450","100")
"tile"("Exit","450","50")
"tile"("ShadowStart","100","50")
"tile"("PlayerStart","50","200")
